{
  "_description": "Suspicious APIs considered by DoubleX for ../examples/listing4",
  "cs": {
    "direct_dangers": {
      "execution": [
        "eval",
        "setInterval",
        "setTimeout"
      ]
    },
    "indirect_dangers": {},
    "exfiltration_dangers": {}
  },
  "bp": {
    "direct_dangers": {},
    "indirect_dangers": {},
    "exfiltration_dangers": {}
  }
}