{
    "extension": "../examples/alias",
    "benchmarks": {},
    "cs": {
        "direct_dangers": {},
        "indirect_dangers": {},
        "exfiltration_dangers": {}
    },
    "bp": {
        "direct_dangers": {
            "danger1": {
                "danger": "eval",
                "value": "eval(event.data)",
                "sink-param1": "event.data",
                "line": "2 - 2",
                "filename": "../examples/alias/background.js",
                "dataflow": true,
                "param_id0": {
                    "received_from_wa_1": {
                        "wa": "event",
                        "line": "2 - 2",
                        "filename": "../examples/alias/contentscript.js",
                        "where": "event"
                    }
                }
            }
        },
        "indirect_dangers": {},
        "exfiltration_dangers": {}
    }
}